--------------------------------------------------------------------------------------
Timing Analyzer Summary
--------------------------------------------------------------------------------------

Type           : Worst-case tco
Slack          : N/A
Required Time  : None
Actual Time    : 10.480 ns
From           : memory:memoria|in[2]
To             : in[2]
From Clock     : clk
To Clock       : --
Failed Paths   : 0

Type           : Clock Setup: 'clk'
Slack          : N/A
Required Time  : None
Actual Time    : 178.03 MHz ( period = 5.617 ns )
From           : memory:memoria|Opcode[2]
To             : UnidadeDeControle:controle|Tz[0]
From Clock     : clk
To Clock       : clk
Failed Paths   : 0

Type           : Clock Hold: 'clk'
Slack          : Not operational: Clock Skew > Data Delay
Required Time  : None
Actual Time    : N/A
From           : count[0]~reg0
To             : memory:memoria|in[2]
From Clock     : clk
To Clock       : clk
Failed Paths   : 6

Type           : Total number of failed paths
Slack          : 
Required Time  : 
Actual Time    : 
From           : 
To             : 
From Clock     : 
To Clock       : 
Failed Paths   : 6

--------------------------------------------------------------------------------------

